[Mon May 22 18:24:55.524588 2023] [php:error] [pid 32492:tid 1908] [client ::1:64211] PHP Fatal error:  Uncaught Error: Call to undefined function mysql_query() in C:\\Users\\myadw\\OneDrive\\Desktop\\php project\\htdocs\\OnlineBiddingSystem (1)\\bidding\\functions.php:31\nStack trace:\n#0 C:\\Users\\myadw\\OneDrive\\Desktop\\php project\\htdocs\\OnlineBiddingSystem (1)\\bidding\\index.php(41): categories()\n#1 {main}\n  thrown in C:\\Users\\myadw\\OneDrive\\Desktop\\php project\\htdocs\\OnlineBiddingSystem (1)\\bidding\\functions.php on line 31, referer: http://localhost/OnlineBiddingSystem%20(1)/?C=M;O=A
[Mon May 22 18:25:04.652849 2023] [php:error] [pid 32492:tid 1912] [client ::1:64223] PHP Fatal error:  Uncaught Error: Call to undefined function mysql_query() in C:\\Users\\myadw\\OneDrive\\Desktop\\php project\\htdocs\\OnlineBiddingSystem (1)\\bidding\\functions.php:31\nStack trace:\n#0 C:\\Users\\myadw\\OneDrive\\Desktop\\php project\\htdocs\\OnlineBiddingSystem (1)\\bidding\\prodcateg.php(39): categories()\n#1 {main}\n  thrown in C:\\Users\\myadw\\OneDrive\\Desktop\\php project\\htdocs\\OnlineBiddingSystem (1)\\bidding\\functions.php on line 31, referer: http://localhost/OnlineBiddingSystem%20(1)/bidding/
[Mon May 22 18:26:02.130548 2023] [php:error] [pid 32492:tid 1896] [client ::1:64235] PHP Fatal error:  Uncaught Error: Call to undefined function mysql_query() in C:\\Users\\myadw\\OneDrive\\Desktop\\php project\\htdocs\\OnlineBiddingSystem (1)\\bidding\\functions.php:31\nStack trace:\n#0 C:\\Users\\myadw\\OneDrive\\Desktop\\php project\\htdocs\\OnlineBiddingSystem (1)\\bidding\\prodcateg.php(39): categories()\n#1 {main}\n  thrown in C:\\Users\\myadw\\OneDrive\\Desktop\\php project\\htdocs\\OnlineBiddingSystem (1)\\bidding\\functions.php on line 31, referer: http://localhost/OnlineBiddingSystem%20(1)/bidding/contact.php
[Mon May 22 18:26:22.022776 2023] [php:error] [pid 32492:tid 1916] [client ::1:64245] PHP Fatal error:  Uncaught Error: Call to undefined function mysql_query() in C:\\Users\\myadw\\OneDrive\\Desktop\\php project\\htdocs\\OnlineBiddingSystem (1)\\bidding\\home.php:5\nStack trace:\n#0 {main}\n  thrown in C:\\Users\\myadw\\OneDrive\\Desktop\\php project\\htdocs\\OnlineBiddingSystem (1)\\bidding\\home.php on line 5, referer: http://localhost/OnlineBiddingSystem%20(1)/bidding/prodcateg.php
[Mon May 22 18:26:28.202684 2023] [php:error] [pid 32492:tid 1896] [client ::1:64246] PHP Fatal error:  Uncaught Error: Call to undefined function mysql_query() in C:\\Users\\myadw\\OneDrive\\Desktop\\php project\\htdocs\\OnlineBiddingSystem (1)\\bidding\\functions.php:31\nStack trace:\n#0 C:\\Users\\myadw\\OneDrive\\Desktop\\php project\\htdocs\\OnlineBiddingSystem (1)\\bidding\\prodcateg.php(39): categories()\n#1 {main}\n  thrown in C:\\Users\\myadw\\OneDrive\\Desktop\\php project\\htdocs\\OnlineBiddingSystem (1)\\bidding\\functions.php on line 31, referer: http://localhost/OnlineBiddingSystem%20(1)/bidding/contact.php
[Mon May 22 18:26:57.668279 2023] [php:error] [pid 32492:tid 1896] [client ::1:64253] PHP Fatal error:  Uncaught Error: Call to undefined function mysql_query() in C:\\Users\\myadw\\OneDrive\\Desktop\\php project\\htdocs\\OnlineBiddingSystem (1)\\bidding\\functions.php:31\nStack trace:\n#0 C:\\Users\\myadw\\OneDrive\\Desktop\\php project\\htdocs\\OnlineBiddingSystem (1)\\bidding\\prodcateg.php(39): categories()\n#1 {main}\n  thrown in C:\\Users\\myadw\\OneDrive\\Desktop\\php project\\htdocs\\OnlineBiddingSystem (1)\\bidding\\functions.php on line 31, referer: http://localhost/OnlineBiddingSystem%20(1)/bidding/contact.php
[Mon May 22 18:30:11.048115 2023] [php:error] [pid 32492:tid 1912] [client ::1:64282] PHP Fatal error:  Uncaught Error: Call to undefined function mysql_connect() in C:\\Users\\myadw\\OneDrive\\Desktop\\php project\\htdocs\\OnlineBiddingSystem (1)\\bidding\\db.php:2\nStack trace:\n#0 C:\\Users\\myadw\\OneDrive\\Desktop\\php project\\htdocs\\OnlineBiddingSystem (1)\\bidding\\contact.php(3): require()\n#1 {main}\n  thrown in C:\\Users\\myadw\\OneDrive\\Desktop\\php project\\htdocs\\OnlineBiddingSystem (1)\\bidding\\db.php on line 2, referer: http://localhost/OnlineBiddingSystem%20(1)/bidding/prodcateg.php
[Mon May 22 18:30:13.098758 2023] [php:error] [pid 32492:tid 1912] [client ::1:64282] PHP Fatal error:  Uncaught Error: Call to undefined function mysql_connect() in C:\\Users\\myadw\\OneDrive\\Desktop\\php project\\htdocs\\OnlineBiddingSystem (1)\\bidding\\db.php:2\nStack trace:\n#0 C:\\Users\\myadw\\OneDrive\\Desktop\\php project\\htdocs\\OnlineBiddingSystem (1)\\bidding\\functions.php(2): require()\n#1 C:\\Users\\myadw\\OneDrive\\Desktop\\php project\\htdocs\\OnlineBiddingSystem (1)\\bidding\\prodcateg.php(3): require('C:\\\\Users\\\\myadw\\\\...')\n#2 {main}\n  thrown in C:\\Users\\myadw\\OneDrive\\Desktop\\php project\\htdocs\\OnlineBiddingSystem (1)\\bidding\\db.php on line 2, referer: http://localhost/OnlineBiddingSystem%20(1)/bidding/contact.php
[Mon May 22 18:30:14.668293 2023] [php:error] [pid 32492:tid 1912] [client ::1:64282] PHP Fatal error:  Uncaught Error: Call to undefined function mysql_connect() in C:\\Users\\myadw\\OneDrive\\Desktop\\php project\\htdocs\\OnlineBiddingSystem (1)\\bidding\\db.php:2\nStack trace:\n#0 C:\\Users\\myadw\\OneDrive\\Desktop\\php project\\htdocs\\OnlineBiddingSystem (1)\\bidding\\contact.php(3): require()\n#1 {main}\n  thrown in C:\\Users\\myadw\\OneDrive\\Desktop\\php project\\htdocs\\OnlineBiddingSystem (1)\\bidding\\db.php on line 2, referer: http://localhost/OnlineBiddingSystem%20(1)/bidding/prodcateg.php
[Mon May 22 18:30:15.312535 2023] [php:error] [pid 32492:tid 1912] [client ::1:64282] PHP Fatal error:  Uncaught Error: Call to undefined function mysql_connect() in C:\\Users\\myadw\\OneDrive\\Desktop\\php project\\htdocs\\OnlineBiddingSystem (1)\\bidding\\db.php:2\nStack trace:\n#0 C:\\Users\\myadw\\OneDrive\\Desktop\\php project\\htdocs\\OnlineBiddingSystem (1)\\bidding\\functions.php(2): require()\n#1 C:\\Users\\myadw\\OneDrive\\Desktop\\php project\\htdocs\\OnlineBiddingSystem (1)\\bidding\\prodcateg.php(3): require('C:\\\\Users\\\\myadw\\\\...')\n#2 {main}\n  thrown in C:\\Users\\myadw\\OneDrive\\Desktop\\php project\\htdocs\\OnlineBiddingSystem (1)\\bidding\\db.php on line 2, referer: http://localhost/OnlineBiddingSystem%20(1)/bidding/
[Mon May 22 18:30:15.555404 2023] [php:error] [pid 32492:tid 1912] [client ::1:64282] PHP Fatal error:  Uncaught Error: Call to undefined function mysql_connect() in C:\\Users\\myadw\\OneDrive\\Desktop\\php project\\htdocs\\OnlineBiddingSystem (1)\\bidding\\db.php:2\nStack trace:\n#0 C:\\Users\\myadw\\OneDrive\\Desktop\\php project\\htdocs\\OnlineBiddingSystem (1)\\bidding\\functions.php(2): require()\n#1 C:\\Users\\myadw\\OneDrive\\Desktop\\php project\\htdocs\\OnlineBiddingSystem (1)\\bidding\\index.php(4): require('C:\\\\Users\\\\myadw\\\\...')\n#2 {main}\n  thrown in C:\\Users\\myadw\\OneDrive\\Desktop\\php project\\htdocs\\OnlineBiddingSystem (1)\\bidding\\db.php on line 2, referer: http://localhost/OnlineBiddingSystem%20(1)/?C=M;O=A
[Mon May 22 22:53:32.751953 2023] [php:error] [pid 32492:tid 1908] [client ::1:64650] PHP Fatal error:  Uncaught Error: Call to undefined function mysql_connect() in C:\\Users\\myadw\\OneDrive\\Desktop\\php project\\htdocs\\OnlineBiddingSystem (1)\\bidding\\db.php:2\nStack trace:\n#0 C:\\Users\\myadw\\OneDrive\\Desktop\\php project\\htdocs\\OnlineBiddingSystem (1)\\bidding\\functions.php(2): require()\n#1 C:\\Users\\myadw\\OneDrive\\Desktop\\php project\\htdocs\\OnlineBiddingSystem (1)\\bidding\\index.php(4): require('C:\\\\Users\\\\myadw\\\\...')\n#2 {main}\n  thrown in C:\\Users\\myadw\\OneDrive\\Desktop\\php project\\htdocs\\OnlineBiddingSystem (1)\\bidding\\db.php on line 2, referer: http://localhost/OnlineBiddingSystem%20(1)/
[Mon May 22 22:59:14.234994 2023] [php:error] [pid 32492:tid 1916] [client ::1:64861] PHP Fatal error:  Uncaught mysqli_sql_exception: Access denied for user 'root'@'localhost' (using password: YES) in C:\\Users\\myadw\\OneDrive\\Desktop\\php project\\htdocs\\OnlineBiddingSystem (1)\\bidding\\db.php:3\nStack trace:\n#0 C:\\Users\\myadw\\OneDrive\\Desktop\\php project\\htdocs\\OnlineBiddingSystem (1)\\bidding\\db.php(3): mysqli_connect('localhost', 'root', Object(SensitiveParameterValue), 'biddingsystemdb')\n#1 C:\\Users\\myadw\\OneDrive\\Desktop\\php project\\htdocs\\OnlineBiddingSystem (1)\\bidding\\functions.php(2): require('C:\\\\Users\\\\myadw\\\\...')\n#2 C:\\Users\\myadw\\OneDrive\\Desktop\\php project\\htdocs\\OnlineBiddingSystem (1)\\bidding\\index.php(4): require('C:\\\\Users\\\\myadw\\\\...')\n#3 {main}\n  thrown in C:\\Users\\myadw\\OneDrive\\Desktop\\php project\\htdocs\\OnlineBiddingSystem (1)\\bidding\\db.php on line 3, referer: http://localhost/OnlineBiddingSystem%20(1)/
[Mon May 22 23:00:03.334261 2023] [php:error] [pid 32492:tid 1904] [client ::1:64860] PHP Fatal error:  Uncaught Error: Call to undefined function mysql_query() in C:\\Users\\myadw\\OneDrive\\Desktop\\php project\\htdocs\\OnlineBiddingSystem (1)\\bidding\\functions.php:31\nStack trace:\n#0 C:\\Users\\myadw\\OneDrive\\Desktop\\php project\\htdocs\\OnlineBiddingSystem (1)\\bidding\\index.php(41): categories()\n#1 {main}\n  thrown in C:\\Users\\myadw\\OneDrive\\Desktop\\php project\\htdocs\\OnlineBiddingSystem (1)\\bidding\\functions.php on line 31, referer: http://localhost/OnlineBiddingSystem%20(1)/
[Mon May 22 23:14:10.740175 2023] [php:error] [pid 32492:tid 1916] [client ::1:65405] PHP Fatal error:  Cannot redeclare categories() (previously declared in C:\\Users\\myadw\\OneDrive\\Desktop\\php project\\htdocs\\OnlineBiddingSystem (1)\\bidding\\functions.php:31) in C:\\Users\\myadw\\OneDrive\\Desktop\\php project\\htdocs\\OnlineBiddingSystem (1)\\bidding\\functions.php on line 40, referer: http://localhost/OnlineBiddingSystem%20(1)/
[Mon May 22 23:14:14.614921 2023] [php:error] [pid 32492:tid 1916] [client ::1:65405] PHP Fatal error:  Cannot redeclare categories() (previously declared in C:\\Users\\myadw\\OneDrive\\Desktop\\php project\\htdocs\\OnlineBiddingSystem (1)\\bidding\\functions.php:31) in C:\\Users\\myadw\\OneDrive\\Desktop\\php project\\htdocs\\OnlineBiddingSystem (1)\\bidding\\functions.php on line 40, referer: http://localhost/OnlineBiddingSystem%20(1)/
[Mon May 22 23:15:30.560315 2023] [php:error] [pid 32492:tid 1892] [client ::1:65421] PHP Fatal error:  Cannot redeclare categories() (previously declared in C:\\Users\\myadw\\OneDrive\\Desktop\\php project\\htdocs\\OnlineBiddingSystem (1)\\bidding\\functions.php:31) in C:\\Users\\myadw\\OneDrive\\Desktop\\php project\\htdocs\\OnlineBiddingSystem (1)\\bidding\\functions.php on line 42, referer: http://localhost/OnlineBiddingSystem%20(1)/
[Mon May 22 23:15:33.972090 2023] [php:error] [pid 32492:tid 1892] [client ::1:65421] PHP Fatal error:  Cannot redeclare categories() (previously declared in C:\\Users\\myadw\\OneDrive\\Desktop\\php project\\htdocs\\OnlineBiddingSystem (1)\\bidding\\functions.php:31) in C:\\Users\\myadw\\OneDrive\\Desktop\\php project\\htdocs\\OnlineBiddingSystem (1)\\bidding\\functions.php on line 42, referer: http://localhost/OnlineBiddingSystem%20(1)/
[Mon May 22 23:16:34.673562 2023] [php:error] [pid 32492:tid 1916] [client ::1:65432] PHP Fatal error:  Uncaught mysqli_sql_exception: Unknown database 'mydb' in C:\\Users\\myadw\\OneDrive\\Desktop\\php project\\htdocs\\OnlineBiddingSystem (1)\\bidding\\functions.php:44\nStack trace:\n#0 C:\\Users\\myadw\\OneDrive\\Desktop\\php project\\htdocs\\OnlineBiddingSystem (1)\\bidding\\functions.php(44): mysqli->__construct('localhost', 'root', Object(SensitiveParameterValue), 'mydb')\n#1 C:\\Users\\myadw\\OneDrive\\Desktop\\php project\\htdocs\\OnlineBiddingSystem (1)\\bidding\\index.php(41): categories()\n#2 {main}\n  thrown in C:\\Users\\myadw\\OneDrive\\Desktop\\php project\\htdocs\\OnlineBiddingSystem (1)\\bidding\\functions.php on line 44, referer: http://localhost/OnlineBiddingSystem%20(1)/
[Mon May 22 23:19:02.256365 2023] [php:error] [pid 32492:tid 1912] [client ::1:65469] PHP Fatal error:  Uncaught Error: Call to undefined function mysql_query() in C:\\Users\\myadw\\OneDrive\\Desktop\\php project\\htdocs\\OnlineBiddingSystem (1)\\bidding\\functions.php:73\nStack trace:\n#0 C:\\Users\\myadw\\OneDrive\\Desktop\\php project\\htdocs\\OnlineBiddingSystem (1)\\bidding\\index.php(77): latest()\n#1 {main}\n  thrown in C:\\Users\\myadw\\OneDrive\\Desktop\\php project\\htdocs\\OnlineBiddingSystem (1)\\bidding\\functions.php on line 73, referer: http://localhost/OnlineBiddingSystem%20(1)/
[Mon May 22 23:21:25.220074 2023] [php:warn] [pid 32492:tid 1916] [client ::1:49244] PHP Warning:  Undefined array key "highestbidder" in C:\\Users\\myadw\\OneDrive\\Desktop\\php project\\htdocs\\OnlineBiddingSystem (1)\\bidding\\functions.php on line 129, referer: http://localhost/OnlineBiddingSystem%20(1)/
[Mon May 22 23:21:25.220074 2023] [php:warn] [pid 32492:tid 1916] [client ::1:49244] PHP Warning:  Undefined array key "highestbidder" in C:\\Users\\myadw\\OneDrive\\Desktop\\php project\\htdocs\\OnlineBiddingSystem (1)\\bidding\\functions.php on line 129, referer: http://localhost/OnlineBiddingSystem%20(1)/
[Mon May 22 23:21:25.220074 2023] [php:warn] [pid 32492:tid 1916] [client ::1:49244] PHP Warning:  Undefined array key "highestbidder" in C:\\Users\\myadw\\OneDrive\\Desktop\\php project\\htdocs\\OnlineBiddingSystem (1)\\bidding\\functions.php on line 129, referer: http://localhost/OnlineBiddingSystem%20(1)/
[Mon May 22 23:21:25.220074 2023] [php:warn] [pid 32492:tid 1916] [client ::1:49244] PHP Warning:  Undefined array key "highestbidder" in C:\\Users\\myadw\\OneDrive\\Desktop\\php project\\htdocs\\OnlineBiddingSystem (1)\\bidding\\functions.php on line 129, referer: http://localhost/OnlineBiddingSystem%20(1)/
[Mon May 22 23:21:25.220074 2023] [php:warn] [pid 32492:tid 1916] [client ::1:49244] PHP Warning:  Undefined array key "highestbidder" in C:\\Users\\myadw\\OneDrive\\Desktop\\php project\\htdocs\\OnlineBiddingSystem (1)\\bidding\\functions.php on line 129, referer: http://localhost/OnlineBiddingSystem%20(1)/
[Mon May 22 23:21:25.221070 2023] [php:warn] [pid 32492:tid 1916] [client ::1:49244] PHP Warning:  Undefined array key "highestbidder" in C:\\Users\\myadw\\OneDrive\\Desktop\\php project\\htdocs\\OnlineBiddingSystem (1)\\bidding\\functions.php on line 129, referer: http://localhost/OnlineBiddingSystem%20(1)/
[Mon May 22 23:28:51.167657 2023] [php:error] [pid 32492:tid 1916] [client ::1:49432] PHP Parse error:  syntax error, unexpected token "<", expecting end of file in C:\\Users\\myadw\\OneDrive\\Desktop\\php project\\htdocs\\OnlineBiddingSystem (1)\\bidding\\functions.php on line 110, referer: http://localhost/OnlineBiddingSystem%20(1)/
[Mon May 22 23:29:13.550602 2023] [php:error] [pid 32492:tid 1912] [client ::1:49433] PHP Fatal error:  Uncaught mysqli_sql_exception: Table 'biddingsystemdb.highestbidders' doesn't exist in C:\\Users\\myadw\\OneDrive\\Desktop\\php project\\htdocs\\OnlineBiddingSystem (1)\\bidding\\functions.php:132\nStack trace:\n#0 C:\\Users\\myadw\\OneDrive\\Desktop\\php project\\htdocs\\OnlineBiddingSystem (1)\\bidding\\functions.php(132): mysqli->query('SELECT * FROM h...')\n#1 C:\\Users\\myadw\\OneDrive\\Desktop\\php project\\htdocs\\OnlineBiddingSystem (1)\\bidding\\index.php(77): latest()\n#2 {main}\n  thrown in C:\\Users\\myadw\\OneDrive\\Desktop\\php project\\htdocs\\OnlineBiddingSystem (1)\\bidding\\functions.php on line 132, referer: http://localhost/OnlineBiddingSystem%20(1)/
[Mon May 22 23:29:49.155091 2023] [php:warn] [pid 32492:tid 1916] [client ::1:49448] PHP Warning:  Undefined array key "highestbidder" in C:\\Users\\myadw\\OneDrive\\Desktop\\php project\\htdocs\\OnlineBiddingSystem (1)\\bidding\\functions.php on line 129, referer: http://localhost/OnlineBiddingSystem%20(1)/
[Mon May 22 23:29:49.155091 2023] [php:warn] [pid 32492:tid 1916] [client ::1:49448] PHP Warning:  Undefined array key "highestbidder" in C:\\Users\\myadw\\OneDrive\\Desktop\\php project\\htdocs\\OnlineBiddingSystem (1)\\bidding\\functions.php on line 129, referer: http://localhost/OnlineBiddingSystem%20(1)/
[Mon May 22 23:29:49.155091 2023] [php:warn] [pid 32492:tid 1916] [client ::1:49448] PHP Warning:  Undefined array key "highestbidder" in C:\\Users\\myadw\\OneDrive\\Desktop\\php project\\htdocs\\OnlineBiddingSystem (1)\\bidding\\functions.php on line 129, referer: http://localhost/OnlineBiddingSystem%20(1)/
[Mon May 22 23:29:49.155091 2023] [php:warn] [pid 32492:tid 1916] [client ::1:49448] PHP Warning:  Undefined array key "highestbidder" in C:\\Users\\myadw\\OneDrive\\Desktop\\php project\\htdocs\\OnlineBiddingSystem (1)\\bidding\\functions.php on line 129, referer: http://localhost/OnlineBiddingSystem%20(1)/
[Mon May 22 23:29:49.156080 2023] [php:warn] [pid 32492:tid 1916] [client ::1:49448] PHP Warning:  Undefined array key "highestbidder" in C:\\Users\\myadw\\OneDrive\\Desktop\\php project\\htdocs\\OnlineBiddingSystem (1)\\bidding\\functions.php on line 129, referer: http://localhost/OnlineBiddingSystem%20(1)/
[Mon May 22 23:29:49.156080 2023] [php:warn] [pid 32492:tid 1916] [client ::1:49448] PHP Warning:  Undefined array key "highestbidder" in C:\\Users\\myadw\\OneDrive\\Desktop\\php project\\htdocs\\OnlineBiddingSystem (1)\\bidding\\functions.php on line 129, referer: http://localhost/OnlineBiddingSystem%20(1)/
[Mon May 22 23:31:41.405569 2023] [php:error] [pid 32492:tid 1912] [client ::1:49473] PHP Fatal error:  Uncaught Error: Call to undefined function mysql_query() in C:\\Users\\myadw\\OneDrive\\Desktop\\php project\\htdocs\\OnlineBiddingSystem (1)\\bidding\\showprod.php:49\nStack trace:\n#0 {main}\n  thrown in C:\\Users\\myadw\\OneDrive\\Desktop\\php project\\htdocs\\OnlineBiddingSystem (1)\\bidding\\showprod.php on line 49, referer: http://localhost/OnlineBiddingSystem%20(1)/bidding/
[Mon May 22 23:31:47.555212 2023] [php:error] [pid 32492:tid 1900] [client ::1:49485] PHP Fatal error:  Uncaught Error: Call to undefined function mysql_query() in C:\\Users\\myadw\\OneDrive\\Desktop\\php project\\htdocs\\OnlineBiddingSystem (1)\\bidding\\showprod.php:49\nStack trace:\n#0 {main}\n  thrown in C:\\Users\\myadw\\OneDrive\\Desktop\\php project\\htdocs\\OnlineBiddingSystem (1)\\bidding\\showprod.php on line 49, referer: http://localhost/OnlineBiddingSystem%20(1)/bidding/showprod.php?id=3
[Mon May 22 23:31:49.261211 2023] [php:error] [pid 32492:tid 1912] [client ::1:49490] PHP Fatal error:  Uncaught Error: Call to undefined function mysql_query() in C:\\Users\\myadw\\OneDrive\\Desktop\\php project\\htdocs\\OnlineBiddingSystem (1)\\bidding\\showprod.php:49\nStack trace:\n#0 {main}\n  thrown in C:\\Users\\myadw\\OneDrive\\Desktop\\php project\\htdocs\\OnlineBiddingSystem (1)\\bidding\\showprod.php on line 49, referer: http://localhost/OnlineBiddingSystem%20(1)/bidding/showprod.php?id=3
[Mon May 22 23:31:51.166184 2023] [php:error] [pid 32492:tid 1900] [client ::1:49485] PHP Fatal error:  Uncaught Error: Call to undefined function mysql_query() in C:\\Users\\myadw\\OneDrive\\Desktop\\php project\\htdocs\\OnlineBiddingSystem (1)\\bidding\\showprod.php:49\nStack trace:\n#0 {main}\n  thrown in C:\\Users\\myadw\\OneDrive\\Desktop\\php project\\htdocs\\OnlineBiddingSystem (1)\\bidding\\showprod.php on line 49, referer: http://localhost/OnlineBiddingSystem%20(1)/bidding/showprod.php?id=6
[Mon May 22 23:32:09.734233 2023] [php:error] [pid 32492:tid 1892] [client ::1:49506] PHP Fatal error:  Uncaught Error: Call to undefined function mysql_query() in C:\\Users\\myadw\\OneDrive\\Desktop\\php project\\htdocs\\OnlineBiddingSystem (1)\\bidding\\login.php:49\nStack trace:\n#0 {main}\n  thrown in C:\\Users\\myadw\\OneDrive\\Desktop\\php project\\htdocs\\OnlineBiddingSystem (1)\\bidding\\login.php on line 49, referer: http://localhost/OnlineBiddingSystem%20(1)/bidding/login.php
[Mon May 22 23:32:28.333082 2023] [php:error] [pid 32492:tid 1900] [client ::1:49516] PHP Fatal error:  Uncaught Error: Call to undefined function mysql_connect() in C:\\Users\\myadw\\OneDrive\\Desktop\\php project\\htdocs\\OnlineBiddingSystem (1)\\bidding\\administrator\\index.php:35\nStack trace:\n#0 {main}\n  thrown in C:\\Users\\myadw\\OneDrive\\Desktop\\php project\\htdocs\\OnlineBiddingSystem (1)\\bidding\\administrator\\index.php on line 35, referer: http://localhost/OnlineBiddingSystem%20(1)/bidding/login.php
[Mon May 22 23:32:31.360073 2023] [php:error] [pid 32492:tid 1892] [client ::1:49521] PHP Fatal error:  Uncaught Error: Call to undefined function mysql_connect() in C:\\Users\\myadw\\OneDrive\\Desktop\\php project\\htdocs\\OnlineBiddingSystem (1)\\bidding\\administrator\\index.php:35\nStack trace:\n#0 {main}\n  thrown in C:\\Users\\myadw\\OneDrive\\Desktop\\php project\\htdocs\\OnlineBiddingSystem (1)\\bidding\\administrator\\index.php on line 35, referer: http://localhost/OnlineBiddingSystem%20(1)/bidding/administrator/index.php
[Mon May 22 23:32:33.814832 2023] [php:error] [pid 32492:tid 1900] [client ::1:49516] PHP Fatal error:  Uncaught Error: Call to undefined function mysql_connect() in C:\\Users\\myadw\\OneDrive\\Desktop\\php project\\htdocs\\OnlineBiddingSystem (1)\\bidding\\administrator\\index.php:35\nStack trace:\n#0 {main}\n  thrown in C:\\Users\\myadw\\OneDrive\\Desktop\\php project\\htdocs\\OnlineBiddingSystem (1)\\bidding\\administrator\\index.php on line 35, referer: http://localhost/OnlineBiddingSystem%20(1)/bidding/administrator/index.php
[Mon May 22 23:32:39.626538 2023] [php:error] [pid 32492:tid 1892] [client ::1:49523] PHP Fatal error:  Uncaught Error: Call to undefined function mysql_connect() in C:\\Users\\myadw\\OneDrive\\Desktop\\php project\\htdocs\\OnlineBiddingSystem (1)\\bidding\\administrator\\index.php:35\nStack trace:\n#0 {main}\n  thrown in C:\\Users\\myadw\\OneDrive\\Desktop\\php project\\htdocs\\OnlineBiddingSystem (1)\\bidding\\administrator\\index.php on line 35, referer: http://localhost/OnlineBiddingSystem%20(1)/bidding/login.php
[Mon May 22 23:32:43.374817 2023] [php:error] [pid 32492:tid 1892] [client ::1:49523] PHP Fatal error:  Uncaught Error: Call to undefined function mysql_query() in C:\\Users\\myadw\\OneDrive\\Desktop\\php project\\htdocs\\OnlineBiddingSystem (1)\\bidding\\home.php:5\nStack trace:\n#0 {main}\n  thrown in C:\\Users\\myadw\\OneDrive\\Desktop\\php project\\htdocs\\OnlineBiddingSystem (1)\\bidding\\home.php on line 5, referer: http://localhost/OnlineBiddingSystem%20(1)/bidding/login.php
[Mon May 22 23:32:48.599464 2023] [php:error] [pid 32492:tid 1892] [client ::1:49523] PHP Fatal error:  Uncaught Error: Call to undefined function mysql_query() in C:\\Users\\myadw\\OneDrive\\Desktop\\php project\\htdocs\\OnlineBiddingSystem (1)\\bidding\\home.php:5\nStack trace:\n#0 {main}\n  thrown in C:\\Users\\myadw\\OneDrive\\Desktop\\php project\\htdocs\\OnlineBiddingSystem (1)\\bidding\\home.php on line 5, referer: http://localhost/OnlineBiddingSystem%20(1)/bidding/login.php
[Mon May 22 23:32:52.206814 2023] [php:error] [pid 32492:tid 1892] [client ::1:49523] PHP Fatal error:  Uncaught Error: Call to undefined function mysql_query() in C:\\Users\\myadw\\OneDrive\\Desktop\\php project\\htdocs\\OnlineBiddingSystem (1)\\bidding\\showprod.php:49\nStack trace:\n#0 {main}\n  thrown in C:\\Users\\myadw\\OneDrive\\Desktop\\php project\\htdocs\\OnlineBiddingSystem (1)\\bidding\\showprod.php on line 49, referer: http://localhost/OnlineBiddingSystem%20(1)/bidding/showprod.php?id=6
[Mon May 22 23:32:53.289329 2023] [php:error] [pid 32492:tid 1892] [client ::1:49523] PHP Fatal error:  Uncaught Error: Call to undefined function mysql_query() in C:\\Users\\myadw\\OneDrive\\Desktop\\php project\\htdocs\\OnlineBiddingSystem (1)\\bidding\\showprod.php:49\nStack trace:\n#0 {main}\n  thrown in C:\\Users\\myadw\\OneDrive\\Desktop\\php project\\htdocs\\OnlineBiddingSystem (1)\\bidding\\showprod.php on line 49, referer: http://localhost/OnlineBiddingSystem%20(1)/bidding/showprod.php?id=3
[Mon May 22 23:32:54.116396 2023] [php:error] [pid 32492:tid 1892] [client ::1:49523] PHP Fatal error:  Uncaught Error: Call to undefined function mysql_query() in C:\\Users\\myadw\\OneDrive\\Desktop\\php project\\htdocs\\OnlineBiddingSystem (1)\\bidding\\showprod.php:49\nStack trace:\n#0 {main}\n  thrown in C:\\Users\\myadw\\OneDrive\\Desktop\\php project\\htdocs\\OnlineBiddingSystem (1)\\bidding\\showprod.php on line 49, referer: http://localhost/OnlineBiddingSystem%20(1)/bidding/showprod.php?id=3
[Tue May 23 15:23:07.874065 2023] [ssl:warn] [pid 14128:tid 356] AH01909: www.example.com:443:0 server certificate does NOT include an ID which matches the server name
[Tue May 23 15:23:07.913618 2023] [core:warn] [pid 14128:tid 356] AH00098: pid file C:/Users/myadw/OneDrive/Desktop/php project/apache/logs/httpd.pid overwritten -- Unclean shutdown of previous Apache run?
[Tue May 23 15:23:07.915610 2023] [ssl:warn] [pid 14128:tid 356] AH01909: www.example.com:443:0 server certificate does NOT include an ID which matches the server name
PHP Warning:  Module "mysqli" is already loaded in Unknown on line 0
[Tue May 23 15:23:08.169863 2023] [mpm_winnt:notice] [pid 14128:tid 356] AH00455: Apache/2.4.56 (Win64) OpenSSL/1.1.1t PHP/8.2.4 configured -- resuming normal operations
[Tue May 23 15:23:08.169863 2023] [mpm_winnt:notice] [pid 14128:tid 356] AH00456: Apache Lounge VS16 Server built: Mar  7 2023 13:21:03
[Tue May 23 15:23:08.169863 2023] [core:notice] [pid 14128:tid 356] AH00094: Command line: 'c:\\users\\myadw\\onedrive\\desktop\\php project\\apache\\bin\\httpd.exe -d C:/Users/myadw/OneDrive/Desktop/php project/apache'
[Tue May 23 15:23:08.172852 2023] [mpm_winnt:notice] [pid 14128:tid 356] AH00418: Parent: Created child process 3596
[Tue May 23 15:23:08.447935 2023] [ssl:warn] [pid 3596:tid 352] AH01909: www.example.com:443:0 server certificate does NOT include an ID which matches the server name
[Tue May 23 15:23:08.479828 2023] [ssl:warn] [pid 3596:tid 352] AH01909: www.example.com:443:0 server certificate does NOT include an ID which matches the server name
PHP Warning:  Module "mysqli" is already loaded in Unknown on line 0
[Tue May 23 15:23:08.513715 2023] [mpm_winnt:notice] [pid 3596:tid 352] AH00354: Child: Starting 150 worker threads.
[Tue May 23 15:26:39.019701 2023] [php:error] [pid 3596:tid 1904] [client ::1:65430] PHP Fatal error:  Uncaught Error: Call to undefined function mysql_query() in C:\\Users\\myadw\\OneDrive\\Desktop\\php project\\htdocs\\OnlineBiddingSystem (1)\\bidding\\details.php:58\nStack trace:\n#0 {main}\n  thrown in C:\\Users\\myadw\\OneDrive\\Desktop\\php project\\htdocs\\OnlineBiddingSystem (1)\\bidding\\details.php on line 58, referer: http://localhost/OnlineBiddingSystem%20(1)/bidding/
[Tue May 23 15:26:42.266433 2023] [php:error] [pid 3596:tid 1892] [client ::1:65438] PHP Fatal error:  Uncaught Error: Call to undefined function mysql_query() in C:\\Users\\myadw\\OneDrive\\Desktop\\php project\\htdocs\\OnlineBiddingSystem (1)\\bidding\\showprod.php:49\nStack trace:\n#0 {main}\n  thrown in C:\\Users\\myadw\\OneDrive\\Desktop\\php project\\htdocs\\OnlineBiddingSystem (1)\\bidding\\showprod.php on line 49, referer: http://localhost/OnlineBiddingSystem%20(1)/bidding/
[Tue May 23 15:26:43.709467 2023] [php:error] [pid 3596:tid 1896] [client ::1:65444] PHP Fatal error:  Uncaught Error: Call to undefined function mysql_query() in C:\\Users\\myadw\\OneDrive\\Desktop\\php project\\htdocs\\OnlineBiddingSystem (1)\\bidding\\showprod.php:49\nStack trace:\n#0 {main}\n  thrown in C:\\Users\\myadw\\OneDrive\\Desktop\\php project\\htdocs\\OnlineBiddingSystem (1)\\bidding\\showprod.php on line 49, referer: http://localhost/OnlineBiddingSystem%20(1)/bidding/showprod.php?id=1
[Tue May 23 15:26:47.157683 2023] [php:error] [pid 3596:tid 1892] [client ::1:65438] PHP Fatal error:  Uncaught Error: Call to undefined function categorylist() in C:\\Users\\myadw\\OneDrive\\Desktop\\php project\\htdocs\\OnlineBiddingSystem (1)\\bidding\\prodcateg.php:55\nStack trace:\n#0 {main}\n  thrown in C:\\Users\\myadw\\OneDrive\\Desktop\\php project\\htdocs\\OnlineBiddingSystem (1)\\bidding\\prodcateg.php on line 55, referer: http://localhost/OnlineBiddingSystem%20(1)/bidding/showprod.php?id=3
[Tue May 23 15:27:20.664594 2023] [php:error] [pid 3596:tid 1912] [client ::1:65456] PHP Fatal error:  Uncaught Error: Call to undefined function mysql_query() in C:\\Users\\myadw\\OneDrive\\Desktop\\php project\\htdocs\\OnlineBiddingSystem (1)\\bidding\\home.php:5\nStack trace:\n#0 {main}\n  thrown in C:\\Users\\myadw\\OneDrive\\Desktop\\php project\\htdocs\\OnlineBiddingSystem (1)\\bidding\\home.php on line 5, referer: http://localhost/OnlineBiddingSystem%20(1)/bidding/contact.php
[Tue May 23 15:27:25.266966 2023] [php:error] [pid 3596:tid 1912] [client ::1:65456] PHP Fatal error:  Uncaught Error: Call to undefined function mysql_query() in C:\\Users\\myadw\\OneDrive\\Desktop\\php project\\htdocs\\OnlineBiddingSystem (1)\\bidding\\home.php:5\nStack trace:\n#0 {main}\n  thrown in C:\\Users\\myadw\\OneDrive\\Desktop\\php project\\htdocs\\OnlineBiddingSystem (1)\\bidding\\home.php on line 5, referer: http://localhost/OnlineBiddingSystem%20(1)/bidding/contact.php
[Tue May 23 15:29:31.402674 2023] [php:error] [pid 3596:tid 1904] [client ::1:65478] PHP Fatal error:  Uncaught Error: Call to undefined function mysql_query() in C:\\Users\\myadw\\OneDrive\\Desktop\\php project\\htdocs\\OnlineBiddingSystem (1)\\bidding\\login.php:49\nStack trace:\n#0 {main}\n  thrown in C:\\Users\\myadw\\OneDrive\\Desktop\\php project\\htdocs\\OnlineBiddingSystem (1)\\bidding\\login.php on line 49, referer: http://localhost/OnlineBiddingSystem%20(1)/bidding/login.php
[Tue May 23 15:29:38.304035 2023] [php:error] [pid 3596:tid 1908] [client ::1:65482] PHP Fatal error:  Uncaught Error: Call to undefined function mysql_query() in C:\\Users\\myadw\\OneDrive\\Desktop\\php project\\htdocs\\OnlineBiddingSystem (1)\\bidding\\showprod.php:49\nStack trace:\n#0 {main}\n  thrown in C:\\Users\\myadw\\OneDrive\\Desktop\\php project\\htdocs\\OnlineBiddingSystem (1)\\bidding\\showprod.php on line 49, referer: http://localhost/OnlineBiddingSystem%20(1)/bidding/login.php
[Tue May 23 15:30:15.942882 2023] [php:warn] [pid 3596:tid 1904] [client ::1:65501] PHP Warning:  Undefined array key "expense-form" in C:\\Users\\myadw\\OneDrive\\Desktop\\php project\\htdocs\\php-sqlite-vms\\index.php on line 98, referer: http://localhost/php-sqlite-vms/login.php
[Tue May 23 15:30:15.943877 2023] [php:warn] [pid 3596:tid 1904] [client ::1:65501] PHP Warning:  Undefined array key "earning-form" in C:\\Users\\myadw\\OneDrive\\Desktop\\php project\\htdocs\\php-sqlite-vms\\index.php on line 128, referer: http://localhost/php-sqlite-vms/login.php
[Tue May 23 15:30:19.260756 2023] [php:warn] [pid 3596:tid 1904] [client ::1:65501] PHP Warning:  Undefined array key "expense-form" in C:\\Users\\myadw\\OneDrive\\Desktop\\php project\\htdocs\\php-sqlite-vms\\index.php on line 98, referer: http://localhost/php-sqlite-vms/
[Tue May 23 15:30:19.261758 2023] [php:warn] [pid 3596:tid 1904] [client ::1:65501] PHP Warning:  Undefined array key "earning-form" in C:\\Users\\myadw\\OneDrive\\Desktop\\php project\\htdocs\\php-sqlite-vms\\index.php on line 128, referer: http://localhost/php-sqlite-vms/
[Tue May 23 15:30:41.432542 2023] [php:warn] [pid 3596:tid 1892] [client ::1:65505] PHP Warning:  Undefined array key "expense-form" in C:\\Users\\myadw\\OneDrive\\Desktop\\php project\\htdocs\\php-sqlite-vms\\index.php on line 98, referer: http://localhost/php-sqlite-vms/?page=users
[Tue May 23 15:30:41.432542 2023] [php:warn] [pid 3596:tid 1892] [client ::1:65505] PHP Warning:  Undefined array key "earning-form" in C:\\Users\\myadw\\OneDrive\\Desktop\\php project\\htdocs\\php-sqlite-vms\\index.php on line 128, referer: http://localhost/php-sqlite-vms/?page=users
[Tue May 23 15:30:45.451972 2023] [php:warn] [pid 3596:tid 1892] [client ::1:65505] PHP Warning:  Undefined array key "expense-form" in C:\\Users\\myadw\\OneDrive\\Desktop\\php project\\htdocs\\php-sqlite-vms\\index.php on line 98, referer: http://localhost/php-sqlite-vms/
[Tue May 23 15:30:45.452963 2023] [php:warn] [pid 3596:tid 1892] [client ::1:65505] PHP Warning:  Undefined array key "earning-form" in C:\\Users\\myadw\\OneDrive\\Desktop\\php project\\htdocs\\php-sqlite-vms\\index.php on line 128, referer: http://localhost/php-sqlite-vms/
[Tue May 23 15:31:10.198862 2023] [php:warn] [pid 3596:tid 1904] [client ::1:65506] PHP Warning:  Undefined array key "expense-form" in C:\\Users\\myadw\\OneDrive\\Desktop\\php project\\htdocs\\php-sqlite-vms\\index.php on line 98, referer: http://localhost/php-sqlite-vms/?page=manage_visitor
[Tue May 23 15:31:10.198862 2023] [php:warn] [pid 3596:tid 1904] [client ::1:65506] PHP Warning:  Undefined array key "earning-form" in C:\\Users\\myadw\\OneDrive\\Desktop\\php project\\htdocs\\php-sqlite-vms\\index.php on line 128, referer: http://localhost/php-sqlite-vms/?page=manage_visitor
[Tue May 23 15:31:16.982962 2023] [php:warn] [pid 3596:tid 1892] [client ::1:65513] PHP Warning:  Undefined array key "expense-form" in C:\\Users\\myadw\\OneDrive\\Desktop\\php project\\htdocs\\php-sqlite-vms\\index.php on line 98, referer: http://localhost/php-sqlite-vms/?page=visitors
[Tue May 23 15:31:16.982962 2023] [php:warn] [pid 3596:tid 1892] [client ::1:65513] PHP Warning:  Undefined array key "earning-form" in C:\\Users\\myadw\\OneDrive\\Desktop\\php project\\htdocs\\php-sqlite-vms\\index.php on line 128, referer: http://localhost/php-sqlite-vms/?page=visitors
[Tue May 23 15:31:22.806559 2023] [php:warn] [pid 3596:tid 1904] [client ::1:65514] PHP Warning:  Undefined array key "expense-form" in C:\\Users\\myadw\\OneDrive\\Desktop\\php project\\htdocs\\php-sqlite-vms\\index.php on line 98, referer: http://localhost/php-sqlite-vms/
[Tue May 23 15:31:22.807522 2023] [php:warn] [pid 3596:tid 1904] [client ::1:65514] PHP Warning:  Undefined array key "earning-form" in C:\\Users\\myadw\\OneDrive\\Desktop\\php project\\htdocs\\php-sqlite-vms\\index.php on line 128, referer: http://localhost/php-sqlite-vms/
[Tue May 23 15:31:32.957498 2023] [php:warn] [pid 3596:tid 1892] [client ::1:65515] PHP Warning:  Undefined array key "expense-form" in C:\\Users\\myadw\\OneDrive\\Desktop\\php project\\htdocs\\php-sqlite-vms\\index.php on line 98, referer: http://localhost/php-sqlite-vms/?page=reports
[Tue May 23 15:31:32.959492 2023] [php:warn] [pid 3596:tid 1892] [client ::1:65515] PHP Warning:  Undefined array key "earning-form" in C:\\Users\\myadw\\OneDrive\\Desktop\\php project\\htdocs\\php-sqlite-vms\\index.php on line 128, referer: http://localhost/php-sqlite-vms/?page=reports
[Tue May 23 15:31:34.326021 2023] [php:warn] [pid 3596:tid 1892] [client ::1:65515] PHP Warning:  Undefined array key "expense-form" in C:\\Users\\myadw\\OneDrive\\Desktop\\php project\\htdocs\\php-sqlite-vms\\index.php on line 98, referer: http://localhost/php-sqlite-vms/?page=visitors
[Tue May 23 15:31:34.327018 2023] [php:warn] [pid 3596:tid 1892] [client ::1:65515] PHP Warning:  Undefined array key "earning-form" in C:\\Users\\myadw\\OneDrive\\Desktop\\php project\\htdocs\\php-sqlite-vms\\index.php on line 128, referer: http://localhost/php-sqlite-vms/?page=visitors
[Tue May 23 16:20:00.736745 2023] [php:error] [pid 3596:tid 1908] [client ::1:49490] PHP Fatal error:  Uncaught Error: Call to undefined function categorylist() in C:\\Users\\myadw\\OneDrive\\Desktop\\php project\\htdocs\\OnlineBiddingSystem (1)\\bidding\\prodcateg.php:55\nStack trace:\n#0 {main}\n  thrown in C:\\Users\\myadw\\OneDrive\\Desktop\\php project\\htdocs\\OnlineBiddingSystem (1)\\bidding\\prodcateg.php on line 55, referer: http://localhost/OnlineBiddingSystem%20(1)/bidding/
[Tue May 23 16:21:06.450612 2023] [php:error] [pid 3596:tid 1916] [client ::1:49503] PHP Fatal error:  Uncaught Error: Call to undefined function categorylist() in C:\\Users\\myadw\\OneDrive\\Desktop\\php project\\htdocs\\OnlineBiddingSystem (1)\\bidding\\prodcateg.php:55\nStack trace:\n#0 {main}\n  thrown in C:\\Users\\myadw\\OneDrive\\Desktop\\php project\\htdocs\\OnlineBiddingSystem (1)\\bidding\\prodcateg.php on line 55, referer: http://localhost/OnlineBiddingSystem%20(1)/bidding/login.php
[Tue May 23 16:24:02.801379 2023] [php:warn] [pid 3596:tid 1908] [client ::1:49533] PHP Warning:  Undefined array key "expense-form" in C:\\Users\\myadw\\OneDrive\\Desktop\\php project\\htdocs\\php-sqlite-vms\\index.php on line 98
[Tue May 23 16:24:02.801379 2023] [php:warn] [pid 3596:tid 1908] [client ::1:49533] PHP Warning:  Undefined array key "earning-form" in C:\\Users\\myadw\\OneDrive\\Desktop\\php project\\htdocs\\php-sqlite-vms\\index.php on line 128
[Tue May 23 16:24:10.740763 2023] [php:warn] [pid 3596:tid 1892] [client ::1:49535] PHP Warning:  Undefined array key "expense-form" in C:\\Users\\myadw\\OneDrive\\Desktop\\php project\\htdocs\\php-sqlite-vms\\index.php on line 98, referer: http://localhost/php-sqlite-vms/
[Tue May 23 16:24:10.740763 2023] [php:warn] [pid 3596:tid 1892] [client ::1:49535] PHP Warning:  Undefined array key "earning-form" in C:\\Users\\myadw\\OneDrive\\Desktop\\php project\\htdocs\\php-sqlite-vms\\index.php on line 128, referer: http://localhost/php-sqlite-vms/
[Tue May 23 16:24:13.460018 2023] [php:warn] [pid 3596:tid 1892] [client ::1:49535] PHP Warning:  Undefined array key "expense-form" in C:\\Users\\myadw\\OneDrive\\Desktop\\php project\\htdocs\\php-sqlite-vms\\index.php on line 98, referer: http://localhost/php-sqlite-vms/?page=manage_visitor
[Tue May 23 16:24:13.460018 2023] [php:warn] [pid 3596:tid 1892] [client ::1:49535] PHP Warning:  Undefined array key "earning-form" in C:\\Users\\myadw\\OneDrive\\Desktop\\php project\\htdocs\\php-sqlite-vms\\index.php on line 128, referer: http://localhost/php-sqlite-vms/?page=manage_visitor
[Tue May 23 16:24:19.570936 2023] [php:warn] [pid 3596:tid 1908] [client ::1:49537] PHP Warning:  Undefined array key "expense-form" in C:\\Users\\myadw\\OneDrive\\Desktop\\php project\\htdocs\\php-sqlite-vms\\index.php on line 98, referer: http://localhost/php-sqlite-vms/?page=reports
[Tue May 23 16:24:19.571931 2023] [php:warn] [pid 3596:tid 1908] [client ::1:49537] PHP Warning:  Undefined array key "earning-form" in C:\\Users\\myadw\\OneDrive\\Desktop\\php project\\htdocs\\php-sqlite-vms\\index.php on line 128, referer: http://localhost/php-sqlite-vms/?page=reports
[Tue May 23 16:24:48.391827 2023] [php:warn] [pid 3596:tid 1892] [client ::1:49538] PHP Warning:  Undefined array key "expense-form" in C:\\Users\\myadw\\OneDrive\\Desktop\\php project\\htdocs\\php-sqlite-vms\\index.php on line 98, referer: http://localhost/php-sqlite-vms/?page=users
[Tue May 23 16:24:48.392825 2023] [php:warn] [pid 3596:tid 1892] [client ::1:49538] PHP Warning:  Undefined array key "earning-form" in C:\\Users\\myadw\\OneDrive\\Desktop\\php project\\htdocs\\php-sqlite-vms\\index.php on line 128, referer: http://localhost/php-sqlite-vms/?page=users
[Tue May 23 16:25:05.422535 2023] [php:warn] [pid 3596:tid 1908] [client ::1:49542] PHP Warning:  Undefined array key "expense-form" in C:\\Users\\myadw\\OneDrive\\Desktop\\php project\\htdocs\\php-sqlite-vms\\index.php on line 98, referer: http://localhost/php-sqlite-vms/?page=manage_visitor
[Tue May 23 16:25:05.423537 2023] [php:warn] [pid 3596:tid 1908] [client ::1:49542] PHP Warning:  Undefined array key "earning-form" in C:\\Users\\myadw\\OneDrive\\Desktop\\php project\\htdocs\\php-sqlite-vms\\index.php on line 128, referer: http://localhost/php-sqlite-vms/?page=manage_visitor
[Tue May 23 16:25:06.671009 2023] [php:warn] [pid 3596:tid 1908] [client ::1:49542] PHP Warning:  Undefined array key "expense-form" in C:\\Users\\myadw\\OneDrive\\Desktop\\php project\\htdocs\\php-sqlite-vms\\index.php on line 98, referer: http://localhost/php-sqlite-vms/?page=manage_visitor
[Tue May 23 16:25:06.671009 2023] [php:warn] [pid 3596:tid 1908] [client ::1:49542] PHP Warning:  Undefined array key "earning-form" in C:\\Users\\myadw\\OneDrive\\Desktop\\php project\\htdocs\\php-sqlite-vms\\index.php on line 128, referer: http://localhost/php-sqlite-vms/?page=manage_visitor
[Tue May 23 16:25:14.637688 2023] [php:warn] [pid 3596:tid 1892] [client ::1:49544] PHP Warning:  Undefined array key "expense-form" in C:\\Users\\myadw\\OneDrive\\Desktop\\php project\\htdocs\\php-sqlite-vms\\index.php on line 98, referer: http://localhost/php-sqlite-vms/?page=reports
[Tue May 23 16:25:14.637688 2023] [php:warn] [pid 3596:tid 1892] [client ::1:49544] PHP Warning:  Undefined array key "earning-form" in C:\\Users\\myadw\\OneDrive\\Desktop\\php project\\htdocs\\php-sqlite-vms\\index.php on line 128, referer: http://localhost/php-sqlite-vms/?page=reports
[Tue May 23 16:25:22.054800 2023] [php:warn] [pid 3596:tid 1908] [client ::1:49545] PHP Warning:  Undefined array key "expense-form" in C:\\Users\\myadw\\OneDrive\\Desktop\\php project\\htdocs\\php-sqlite-vms\\index.php on line 98, referer: http://localhost/php-sqlite-vms/?page=users
[Tue May 23 16:25:22.054800 2023] [php:warn] [pid 3596:tid 1908] [client ::1:49545] PHP Warning:  Undefined array key "earning-form" in C:\\Users\\myadw\\OneDrive\\Desktop\\php project\\htdocs\\php-sqlite-vms\\index.php on line 128, referer: http://localhost/php-sqlite-vms/?page=users
[Tue May 23 16:25:31.797556 2023] [php:warn] [pid 3596:tid 1892] [client ::1:49546] PHP Warning:  Undefined array key "expense-form" in C:\\Users\\myadw\\OneDrive\\Desktop\\php project\\htdocs\\php-sqlite-vms\\index.php on line 98, referer: http://localhost/php-sqlite-vms/
[Tue May 23 16:25:31.797556 2023] [php:warn] [pid 3596:tid 1892] [client ::1:49546] PHP Warning:  Undefined array key "earning-form" in C:\\Users\\myadw\\OneDrive\\Desktop\\php project\\htdocs\\php-sqlite-vms\\index.php on line 128, referer: http://localhost/php-sqlite-vms/
[Tue May 23 16:25:40.681786 2023] [php:warn] [pid 3596:tid 1908] [client ::1:49548] PHP Warning:  Undefined array key "expense-form" in C:\\Users\\myadw\\OneDrive\\Desktop\\php project\\htdocs\\php-sqlite-vms\\index.php on line 98, referer: http://localhost/php-sqlite-vms/?page=manage_visitor
[Tue May 23 16:25:40.681786 2023] [php:warn] [pid 3596:tid 1908] [client ::1:49548] PHP Warning:  Undefined array key "earning-form" in C:\\Users\\myadw\\OneDrive\\Desktop\\php project\\htdocs\\php-sqlite-vms\\index.php on line 128, referer: http://localhost/php-sqlite-vms/?page=manage_visitor
[Tue May 23 16:25:43.145591 2023] [php:warn] [pid 3596:tid 1908] [client ::1:49548] PHP Warning:  Undefined array key "expense-form" in C:\\Users\\myadw\\OneDrive\\Desktop\\php project\\htdocs\\php-sqlite-vms\\index.php on line 98, referer: http://localhost/php-sqlite-vms/
[Tue May 23 16:25:43.145591 2023] [php:warn] [pid 3596:tid 1908] [client ::1:49548] PHP Warning:  Undefined array key "earning-form" in C:\\Users\\myadw\\OneDrive\\Desktop\\php project\\htdocs\\php-sqlite-vms\\index.php on line 128, referer: http://localhost/php-sqlite-vms/
[Tue May 23 16:34:52.316738 2023] [php:error] [pid 3596:tid 1892] [client ::1:49673] PHP Fatal error:  Uncaught Error: Call to undefined function mysql_query() in C:\\Users\\myadw\\OneDrive\\Desktop\\php project\\htdocs\\OnlineBiddingSystem (1)\\bidding\\home.php:5\nStack trace:\n#0 {main}\n  thrown in C:\\Users\\myadw\\OneDrive\\Desktop\\php project\\htdocs\\OnlineBiddingSystem (1)\\bidding\\home.php on line 5, referer: http://localhost/OnlineBiddingSystem%20(1)/bidding/contact.php
[Tue May 23 16:35:18.902145 2023] [php:error] [pid 3596:tid 1892] [client ::1:49678] PHP Fatal error:  Uncaught Error: Call to undefined function mysql_query() in C:\\Users\\myadw\\OneDrive\\Desktop\\php project\\htdocs\\OnlineBiddingSystem (1)\\bidding\\home.php:5\nStack trace:\n#0 {main}\n  thrown in C:\\Users\\myadw\\OneDrive\\Desktop\\php project\\htdocs\\OnlineBiddingSystem (1)\\bidding\\home.php on line 5, referer: http://localhost/OnlineBiddingSystem%20(1)/bidding/contact.php
[Tue May 23 16:35:58.603056 2023] [php:error] [pid 3596:tid 1892] [client ::1:49683] PHP Fatal error:  Uncaught Error: Call to undefined function mysql_query() in C:\\Users\\myadw\\OneDrive\\Desktop\\php project\\htdocs\\OnlineBiddingSystem (1)\\bidding\\home.php:5\nStack trace:\n#0 {main}\n  thrown in C:\\Users\\myadw\\OneDrive\\Desktop\\php project\\htdocs\\OnlineBiddingSystem (1)\\bidding\\home.php on line 5, referer: http://localhost/OnlineBiddingSystem%20(1)/bidding/contact.php
[Tue May 23 16:36:27.033334 2023] [php:error] [pid 3596:tid 1908] [client ::1:49686] PHP Fatal error:  Uncaught Error: Call to undefined function categorylist() in C:\\Users\\myadw\\OneDrive\\Desktop\\php project\\htdocs\\OnlineBiddingSystem (1)\\bidding\\prodcateg.php:55\nStack trace:\n#0 {main}\n  thrown in C:\\Users\\myadw\\OneDrive\\Desktop\\php project\\htdocs\\OnlineBiddingSystem (1)\\bidding\\prodcateg.php on line 55, referer: http://localhost/OnlineBiddingSystem%20(1)/bidding/contact.php
[Tue May 23 16:36:31.311352 2023] [php:error] [pid 3596:tid 1904] [client ::1:49694] PHP Fatal error:  Uncaught Error: Call to undefined function mysql_query() in C:\\Users\\myadw\\OneDrive\\Desktop\\php project\\htdocs\\OnlineBiddingSystem (1)\\bidding\\home.php:5\nStack trace:\n#0 {main}\n  thrown in C:\\Users\\myadw\\OneDrive\\Desktop\\php project\\htdocs\\OnlineBiddingSystem (1)\\bidding\\home.php on line 5, referer: http://localhost/OnlineBiddingSystem%20(1)/bidding/prodcateg.php
[Tue May 23 16:36:32.827719 2023] [php:error] [pid 3596:tid 1904] [client ::1:49694] PHP Fatal error:  Uncaught Error: Call to undefined function categorylist() in C:\\Users\\myadw\\OneDrive\\Desktop\\php project\\htdocs\\OnlineBiddingSystem (1)\\bidding\\prodcateg.php:55\nStack trace:\n#0 {main}\n  thrown in C:\\Users\\myadw\\OneDrive\\Desktop\\php project\\htdocs\\OnlineBiddingSystem (1)\\bidding\\prodcateg.php on line 55, referer: http://localhost/OnlineBiddingSystem%20(1)/bidding/contact.php
[Tue May 23 16:36:39.443820 2023] [php:error] [pid 3596:tid 1916] [client ::1:49697] PHP Fatal error:  Uncaught Error: Call to undefined function mysql_connect() in C:\\Users\\myadw\\OneDrive\\Desktop\\php project\\htdocs\\OnlineBiddingSystem (1)\\bidding\\administrator\\index.php:35\nStack trace:\n#0 {main}\n  thrown in C:\\Users\\myadw\\OneDrive\\Desktop\\php project\\htdocs\\OnlineBiddingSystem (1)\\bidding\\administrator\\index.php on line 35, referer: http://localhost/OnlineBiddingSystem%20(1)/bidding/login.php
[Tue May 23 16:36:41.503551 2023] [php:error] [pid 3596:tid 1916] [client ::1:49697] PHP Fatal error:  Uncaught Error: Call to undefined function mysql_connect() in C:\\Users\\myadw\\OneDrive\\Desktop\\php project\\htdocs\\OnlineBiddingSystem (1)\\bidding\\administrator\\index.php:35\nStack trace:\n#0 {main}\n  thrown in C:\\Users\\myadw\\OneDrive\\Desktop\\php project\\htdocs\\OnlineBiddingSystem (1)\\bidding\\administrator\\index.php on line 35, referer: http://localhost/OnlineBiddingSystem%20(1)/bidding/administrator/index.php
[Tue May 23 16:36:45.427282 2023] [php:error] [pid 3596:tid 1908] [client ::1:49706] PHP Fatal error:  Uncaught Error: Call to undefined function mysql_connect() in C:\\Users\\myadw\\OneDrive\\Desktop\\php project\\htdocs\\OnlineBiddingSystem (1)\\bidding\\administrator\\index.php:35\nStack trace:\n#0 {main}\n  thrown in C:\\Users\\myadw\\OneDrive\\Desktop\\php project\\htdocs\\OnlineBiddingSystem (1)\\bidding\\administrator\\index.php on line 35, referer: http://localhost/OnlineBiddingSystem%20(1)/bidding/login.php
[Tue May 23 16:37:01.686617 2023] [php:error] [pid 3596:tid 1916] [client ::1:49708] PHP Fatal error:  Uncaught Error: Call to undefined function mysql_query() in C:\\Users\\myadw\\OneDrive\\Desktop\\php project\\htdocs\\OnlineBiddingSystem (1)\\bidding\\login.php:49\nStack trace:\n#0 {main}\n  thrown in C:\\Users\\myadw\\OneDrive\\Desktop\\php project\\htdocs\\OnlineBiddingSystem (1)\\bidding\\login.php on line 49, referer: http://localhost/OnlineBiddingSystem%20(1)/bidding/login.php
[Tue May 23 16:37:14.304798 2023] [php:error] [pid 3596:tid 1916] [client ::1:49718] PHP Fatal error:  Uncaught Error: Call to undefined function mysql_query() in C:\\Users\\myadw\\OneDrive\\Desktop\\php project\\htdocs\\OnlineBiddingSystem (1)\\bidding\\home.php:5\nStack trace:\n#0 {main}\n  thrown in C:\\Users\\myadw\\OneDrive\\Desktop\\php project\\htdocs\\OnlineBiddingSystem (1)\\bidding\\home.php on line 5, referer: http://localhost/OnlineBiddingSystem%20(1)/bidding/login.php
[Tue May 23 16:51:38.591334 2023] [php:error] [pid 3596:tid 1908] [client ::1:49811] PHP Fatal error:  Uncaught Error: Call to undefined function mysql_query() in C:\\Users\\myadw\\OneDrive\\Desktop\\php project\\htdocs\\OnlineBiddingSystem (1)\\bidding\\showprod.php:49\nStack trace:\n#0 {main}\n  thrown in C:\\Users\\myadw\\OneDrive\\Desktop\\php project\\htdocs\\OnlineBiddingSystem (1)\\bidding\\showprod.php on line 49, referer: http://localhost/OnlineBiddingSystem%20(1)/bidding/login.php
[Tue May 23 16:51:39.845682 2023] [php:error] [pid 3596:tid 1892] [client ::1:49816] PHP Fatal error:  Uncaught Error: Call to undefined function mysql_query() in C:\\Users\\myadw\\OneDrive\\Desktop\\php project\\htdocs\\OnlineBiddingSystem (1)\\bidding\\home.php:5\nStack trace:\n#0 {main}\n  thrown in C:\\Users\\myadw\\OneDrive\\Desktop\\php project\\htdocs\\OnlineBiddingSystem (1)\\bidding\\home.php on line 5, referer: http://localhost/OnlineBiddingSystem%20(1)/bidding/showprod.php?id=1
